// Jest Snapshot v1, https://goo.gl/fbAQLP

exports[`SVG should do properly 1`] = `
"<?xml version=\\"1.0\\" encoding=\\"UTF-8\\" standalone=\\"no\\"?>
<!DOCTYPE svg PUBLIC \\"-//W3C//DTD SVG 1.1//EN\\" \\"http://www.w3.org/Graphics/SVG/1.1/DTD/svg11.dtd\\">
<svg width=\\"200\\" height=\\"200\\" xmlns=\\"http://www.w3.org/2000/svg\\" xmlns:xlink=\\"http://www.w3.org/1999/xlink\\"><circle cx=\\"100\\" cy=\\"100\\" r=\\"50\\"/></svg>"
`;
